// Jest Snapshot v1, https://goo.gl/fbAQLP

exports[`FakeNUClearNetServer #hashType matches previous snapshots 1`] = `
{
  "data": [
    225,
    233,
    240,
    189,
    213,
    194,
    172,
    79,
  ],
  "type": "Buffer",
}
`;

exports[`FakeNUClearNetServer #hashType matches previous snapshots 2`] = `
{
  "data": [
    188,
    214,
    134,
    145,
    61,
    19,
    178,
    202,
  ],
  "type": "Buffer",
}
`;

exports[`FakeNUClearNetServer #hashType matches previous snapshots 3`] = `
{
  "data": [
    11,
    128,
    31,
    158,
    81,
    99,
    174,
    59,
  ],
  "type": "Buffer",
}
`;

exports[`FakeNUClearNetServer #hashType matches previous snapshots 4`] = `
{
  "data": [
    89,
    255,
    223,
    146,
    90,
    203,
    129,
    10,
  ],
  "type": "Buffer",
}
`;
